Analysis & Synthesis report for SiFOVM_KP
Sat May 30 00:35:10 2026
Quartus II Version 9.1 Build 222 10/21/2009 SJ Web Edition


---------------------
; Table of Contents ;
---------------------
  1. Legal Notice
  2. Analysis & Synthesis Summary
  3. Analysis & Synthesis Settings
  4. Parallel Compilation
  5. Analysis & Synthesis Source Files Read
  6. Analysis & Synthesis Resource Usage Summary
  7. Analysis & Synthesis Resource Utilization by Entity
  8. General Register Statistics
  9. Multiplexer Restructuring Statistics (Restructuring Performed)
 10. Parameter Settings for User Entity Instance: cache_row_controller_unit:inst|lpm_compare7:inst5|lpm_compare:lpm_compare_component
 11. Parameter Settings for User Entity Instance: cache_row_controller_unit:inst|lpm_compare1:inst6|lpm_compare:lpm_compare_component
 12. Parameter Settings for User Entity Instance: cache_row_controller_unit:inst|lpm_decode6:inst4|lpm_decode:lpm_decode_component
 13. Parameter Settings for User Entity Instance: cache_row_memory_unit:inst1|lpm_dff7:valid_fl|lpm_ff:lpm_ff_component
 14. Parameter Settings for User Entity Instance: cache_row_memory_unit:inst1|lpm_dff7:dirty_boots|lpm_ff:lpm_ff_component
 15. Parameter Settings for User Entity Instance: cache_row_memory_unit:inst1|lpm_bustri1:inst25|lpm_bustri:lpm_bustri_component
 16. Parameter Settings for User Entity Instance: cache_row_memory_unit:inst1|lpm_dff3:tag|lpm_ff:lpm_ff_component
 17. Parameter Settings for User Entity Instance: cache_row_memory_unit:inst1|lpm_bustri0:inst24|lpm_bustri:lpm_bustri_component
 18. Parameter Settings for User Entity Instance: cache_row_memory_unit:inst1|lpm_mux7:inst|LPM_MUX:lpm_mux_component
 19. Parameter Settings for User Entity Instance: cache_row_memory_unit:inst1|lpm_dff2:word_0|lpm_ff:lpm_ff_component
 20. Parameter Settings for User Entity Instance: cache_row_memory_unit:inst1|lpm_dff2:word_1|lpm_ff:lpm_ff_component
 21. Parameter Settings for User Entity Instance: cache_row_memory_unit:inst1|lpm_dff2:word_2|lpm_ff:lpm_ff_component
 22. Parameter Settings for User Entity Instance: cache_row_memory_unit:inst1|lpm_dff2:word_3|lpm_ff:lpm_ff_component
 23. Parameter Settings for User Entity Instance: cache_row_memory_unit:inst1|BUSMUX:inst14
 24. Analysis & Synthesis Messages



----------------
; Legal Notice ;
----------------
Copyright (C) 1991-2009 Altera Corporation
Your use of Altera Corporation's design tools, logic functions 
and other software and tools, and its AMPP partner logic 
functions, and any output files from any of the foregoing 
(including device programming or simulation files), and any 
associated documentation or information are expressly subject 
to the terms and conditions of the Altera Program License 
Subscription Agreement, Altera MegaCore Function License 
Agreement, or other applicable license agreement, including, 
without limitation, that your use is for the sole purpose of 
programming logic devices manufactured by Altera and sold by 
Altera or its authorized distributors.  Please refer to the 
applicable agreement for further details.



+-------------------------------------------------------------------------+
; Analysis & Synthesis Summary                                            ;
+-------------------------------+-----------------------------------------+
; Analysis & Synthesis Status   ; Successful - Sat May 30 00:35:10 2026   ;
; Quartus II Version            ; 9.1 Build 222 10/21/2009 SJ Web Edition ;
; Revision Name                 ; SiFOVM_KP                               ;
; Top-level Entity Name         ; cache_row_unit                          ;
; Family                        ; Stratix II                              ;
; Logic utilization             ; N/A                                     ;
;     Combinational ALUTs       ; 53                                      ;
;     Dedicated logic registers ; 76                                      ;
; Total registers               ; 76                                      ;
; Total pins                    ; 85                                      ;
; Total virtual pins            ; 0                                       ;
; Total block memory bits       ; 0                                       ;
; DSP block 9-bit elements      ; 0                                       ;
; Total PLLs                    ; 0                                       ;
; Total DLLs                    ; 0                                       ;
+-------------------------------+-----------------------------------------+


+----------------------------------------------------------------------------------------------------------------------+
; Analysis & Synthesis Settings                                                                                        ;
+----------------------------------------------------------------------------+--------------------+--------------------+
; Option                                                                     ; Setting            ; Default Value      ;
+----------------------------------------------------------------------------+--------------------+--------------------+
; Top-level entity name                                                      ; cache_row_unit     ; SiFOVM_KP          ;
; Family name                                                                ; Stratix II         ; Stratix II         ;
; Use Generated Physical Constraints File                                    ; Off                ;                    ;
; Use smart compilation                                                      ; Off                ; Off                ;
; Enable parallel Assembler and TimeQuest Timing Analyzer during compilation ; On                 ; On                 ;
; Enable compact report table                                                ; Off                ; Off                ;
; Restructure Multiplexers                                                   ; Auto               ; Auto               ;
; Create Debugging Nodes for IP Cores                                        ; Off                ; Off                ;
; Preserve fewer node names                                                  ; On                 ; On                 ;
; Disable OpenCore Plus hardware evaluation                                  ; Off                ; Off                ;
; Verilog Version                                                            ; Verilog_2001       ; Verilog_2001       ;
; VHDL Version                                                               ; VHDL_1993          ; VHDL_1993          ;
; State Machine Processing                                                   ; Auto               ; Auto               ;
; Safe State Machine                                                         ; Off                ; Off                ;
; Extract Verilog State Machines                                             ; On                 ; On                 ;
; Extract VHDL State Machines                                                ; On                 ; On                 ;
; Ignore Verilog initial constructs                                          ; Off                ; Off                ;
; Iteration limit for constant Verilog loops                                 ; 5000               ; 5000               ;
; Iteration limit for non-constant Verilog loops                             ; 250                ; 250                ;
; Add Pass-Through Logic to Inferred RAMs                                    ; On                 ; On                 ;
; Parallel Synthesis                                                         ; On                 ; On                 ;
; DSP Block Balancing                                                        ; Auto               ; Auto               ;
; NOT Gate Push-Back                                                         ; On                 ; On                 ;
; Power-Up Don't Care                                                        ; On                 ; On                 ;
; Remove Redundant Logic Cells                                               ; Off                ; Off                ;
; Remove Duplicate Registers                                                 ; On                 ; On                 ;
; Ignore CARRY Buffers                                                       ; Off                ; Off                ;
; Ignore CASCADE Buffers                                                     ; Off                ; Off                ;
; Ignore GLOBAL Buffers                                                      ; Off                ; Off                ;
; Ignore ROW GLOBAL Buffers                                                  ; Off                ; Off                ;
; Ignore LCELL Buffers                                                       ; Off                ; Off                ;
; Ignore SOFT Buffers                                                        ; On                 ; On                 ;
; Limit AHDL Integers to 32 Bits                                             ; Off                ; Off                ;
; Optimization Technique                                                     ; Balanced           ; Balanced           ;
; Carry Chain Length                                                         ; 70                 ; 70                 ;
; Auto Carry Chains                                                          ; On                 ; On                 ;
; Auto Open-Drain Pins                                                       ; On                 ; On                 ;
; Perform WYSIWYG Primitive Resynthesis                                      ; Off                ; Off                ;
; Auto ROM Replacement                                                       ; On                 ; On                 ;
; Auto RAM Replacement                                                       ; On                 ; On                 ;
; Auto DSP Block Replacement                                                 ; On                 ; On                 ;
; Auto Shift Register Replacement                                            ; Auto               ; Auto               ;
; Auto Clock Enable Replacement                                              ; On                 ; On                 ;
; Strict RAM Replacement                                                     ; Off                ; Off                ;
; Allow Synchronous Control Signals                                          ; On                 ; On                 ;
; Force Use of Synchronous Clear Signals                                     ; Off                ; Off                ;
; Auto RAM Block Balancing                                                   ; On                 ; On                 ;
; Auto RAM to Logic Cell Conversion                                          ; Off                ; Off                ;
; Auto Resource Sharing                                                      ; Off                ; Off                ;
; Allow Any RAM Size For Recognition                                         ; Off                ; Off                ;
; Allow Any ROM Size For Recognition                                         ; Off                ; Off                ;
; Allow Any Shift Register Size For Recognition                              ; Off                ; Off                ;
; Use LogicLock Constraints during Resource Balancing                        ; On                 ; On                 ;
; Ignore translate_off and synthesis_off directives                          ; Off                ; Off                ;
; Timing-Driven Synthesis                                                    ; Off                ; Off                ;
; Show Parameter Settings Tables in Synthesis Report                         ; On                 ; On                 ;
; Ignore Maximum Fan-Out Assignments                                         ; Off                ; Off                ;
; Synchronization Register Chain Length                                      ; 2                  ; 2                  ;
; PowerPlay Power Optimization                                               ; Normal compilation ; Normal compilation ;
; HDL message level                                                          ; Level2             ; Level2             ;
; Suppress Register Optimization Related Messages                            ; Off                ; Off                ;
; Number of Removed Registers Reported in Synthesis Report                   ; 100                ; 100                ;
; Number of Inverted Registers Reported in Synthesis Report                  ; 100                ; 100                ;
; Clock MUX Protection                                                       ; On                 ; On                 ;
; Auto Gated Clock Conversion                                                ; Off                ; Off                ;
; Block Design Naming                                                        ; Auto               ; Auto               ;
; SDC constraint protection                                                  ; Off                ; Off                ;
; Synthesis Effort                                                           ; Auto               ; Auto               ;
; Shift Register Replacement - Allow Asynchronous Clear Signal               ; On                 ; On                 ;
; Analysis & Synthesis Message Level                                         ; Medium             ; Medium             ;
; Disable Register Merging Across Hierarchies                                ; Auto               ; Auto               ;
; Resource Aware Inference For Block RAM                                     ; On                 ; On                 ;
+----------------------------------------------------------------------------+--------------------+--------------------+


Parallel compilation was disabled, but you have multiple processors available. Enable parallel compilation to reduce compilation time.
+-------------------------------------+
; Parallel Compilation                ;
+----------------------------+--------+
; Processors                 ; Number ;
+----------------------------+--------+
; Number detected on machine ; 6      ;
; Maximum allowed            ; 1      ;
+----------------------------+--------+


+-------------------------------------------------------------------------------------------------------------------------------------------------------------+
; Analysis & Synthesis Source Files Read                                                                                                                      ;
+----------------------------------+-----------------+------------------------------------+-------------------------------------------------------------------+
; File Name with User-Entered Path ; Used in Netlist ; File Type                          ; File Name with Absolute Path                                      ;
+----------------------------------+-----------------+------------------------------------+-------------------------------------------------------------------+
; lpm_mux7.vhd                     ; yes             ; User Wizard-Generated File         ; C:/Users/lapshet/Desktop/KP/project/lpm_mux7.vhd                  ;
; lpm_bustri0.vhd                  ; yes             ; User Wizard-Generated File         ; C:/Users/lapshet/Desktop/KP/project/lpm_bustri0.vhd               ;
; lpm_dff2.vhd                     ; yes             ; User Wizard-Generated File         ; C:/Users/lapshet/Desktop/KP/project/lpm_dff2.vhd                  ;
; cache_row_unit.bdf               ; yes             ; User Block Diagram/Schematic File  ; C:/Users/lapshet/Desktop/KP/project/cache_row_unit.bdf            ;
; lpm_dff3.vhd                     ; yes             ; User Wizard-Generated File         ; C:/Users/lapshet/Desktop/KP/project/lpm_dff3.vhd                  ;
; lpm_bustri1.vhd                  ; yes             ; User Wizard-Generated File         ; C:/Users/lapshet/Desktop/KP/project/lpm_bustri1.vhd               ;
; lpm_decode6.vhd                  ; yes             ; User Wizard-Generated File         ; C:/Users/lapshet/Desktop/KP/project/lpm_decode6.vhd               ;
; lpm_compare1.vhd                 ; yes             ; User Wizard-Generated File         ; C:/Users/lapshet/Desktop/KP/project/lpm_compare1.vhd              ;
; lpm_dff7.vhd                     ; yes             ; User Wizard-Generated File         ; C:/Users/lapshet/Desktop/KP/project/lpm_dff7.vhd                  ;
; lpm_compare7.vhd                 ; yes             ; User Wizard-Generated File         ; C:/Users/lapshet/Desktop/KP/project/lpm_compare7.vhd              ;
; cache_row_controller_unit.bdf    ; yes             ; User Block Diagram/Schematic File  ; C:/Users/lapshet/Desktop/KP/project/cache_row_controller_unit.bdf ;
; cache_row_memory_unit.bdf        ; yes             ; User Block Diagram/Schematic File  ; C:/Users/lapshet/Desktop/KP/project/cache_row_memory_unit.bdf     ;
; lpm_compare.tdf                  ; yes             ; Megafunction                       ; c:/altera/91/quartus/libraries/megafunctions/lpm_compare.tdf      ;
; db/cmpr_ojg.tdf                  ; yes             ; Auto-Generated Megafunction        ; C:/Users/lapshet/Desktop/KP/project/db/cmpr_ojg.tdf               ;
; db/cmpr_big.tdf                  ; yes             ; Auto-Generated Megafunction        ; C:/Users/lapshet/Desktop/KP/project/db/cmpr_big.tdf               ;
; lpm_decode.tdf                   ; yes             ; Megafunction                       ; c:/altera/91/quartus/libraries/megafunctions/lpm_decode.tdf       ;
; db/decode_0sf.tdf                ; yes             ; Auto-Generated Megafunction        ; C:/Users/lapshet/Desktop/KP/project/db/decode_0sf.tdf             ;
; lpm_ff.tdf                       ; yes             ; Megafunction                       ; c:/altera/91/quartus/libraries/megafunctions/lpm_ff.tdf           ;
; lpm_bustri.tdf                   ; yes             ; Megafunction                       ; c:/altera/91/quartus/libraries/megafunctions/lpm_bustri.tdf       ;
; lpm_mux.tdf                      ; yes             ; Megafunction                       ; c:/altera/91/quartus/libraries/megafunctions/lpm_mux.tdf          ;
; db/mux_r5e.tdf                   ; yes             ; Auto-Generated Megafunction        ; C:/Users/lapshet/Desktop/KP/project/db/mux_r5e.tdf                ;
; busmux.tdf                       ; yes             ; Megafunction                       ; c:/altera/91/quartus/libraries/megafunctions/busmux.tdf           ;
; db/mux_dpc.tdf                   ; yes             ; Auto-Generated Megafunction        ; C:/Users/lapshet/Desktop/KP/project/db/mux_dpc.tdf                ;
+----------------------------------+-----------------+------------------------------------+-------------------------------------------------------------------+


+-------------------------------------------------------+
; Analysis & Synthesis Resource Usage Summary           ;
+-----------------------------------------------+-------+
; Resource                                      ; Usage ;
+-----------------------------------------------+-------+
; Estimated ALUTs Used                          ; 53    ;
; Dedicated logic registers                     ; 76    ;
;                                               ;       ;
; Estimated ALUTs Unavailable                   ; 0     ;
;                                               ;       ;
; Total combinational functions                 ; 53    ;
; Combinational ALUT usage by number of inputs  ;       ;
;     -- 7 input functions                      ; 0     ;
;     -- 6 input functions                      ; 25    ;
;     -- 5 input functions                      ; 0     ;
;     -- 4 input functions                      ; 3     ;
;     -- <=3 input functions                    ; 25    ;
;                                               ;       ;
; Combinational ALUTs by mode                   ;       ;
;     -- normal mode                            ; 53    ;
;     -- extended LUT mode                      ; 0     ;
;     -- arithmetic mode                        ; 0     ;
;     -- shared arithmetic mode                 ; 0     ;
;                                               ;       ;
; Estimated ALUT/register pairs used            ; 111   ;
;                                               ;       ;
; Total registers                               ; 76    ;
;     -- Dedicated logic registers              ; 76    ;
;     -- I/O registers                          ; 0     ;
;                                               ;       ;
; Estimated ALMs:  partially or completely used ; 56    ;
;                                               ;       ;
; I/O pins                                      ; 85    ;
; Maximum fan-out node                          ; clock ;
; Maximum fan-out                               ; 76    ;
; Total fan-out                                 ; 605   ;
; Average fan-out                               ; 2.83  ;
+-----------------------------------------------+-------+


+-------------------------------------------------------------------------------------------------------------------------------------------------------------------------------------------------------------------------------------------------------------------------------------------------------------------------+
; Analysis & Synthesis Resource Utilization by Entity                                                                                                                                                                                                                                                                     ;
+----------------------------------------------+-------------------+--------------+-------------------+--------------+---------+-----------+-----------+------+--------------+-----------------------------------------------------------------------------------------------------------------------------+--------------+
; Compilation Hierarchy Node                   ; LC Combinationals ; LC Registers ; Block Memory Bits ; DSP Elements ; DSP 9x9 ; DSP 18x18 ; DSP 36x36 ; Pins ; Virtual Pins ; Full Hierarchy Name                                                                                                         ; Library Name ;
+----------------------------------------------+-------------------+--------------+-------------------+--------------+---------+-----------+-----------+------+--------------+-----------------------------------------------------------------------------------------------------------------------------+--------------+
; |cache_row_unit                              ; 53 (0)            ; 76 (0)       ; 0                 ; 0            ; 0       ; 0         ; 0         ; 85   ; 0            ; |cache_row_unit                                                                                                             ; work         ;
;    |cache_row_controller_unit:inst|          ; 21 (6)            ; 0 (0)        ; 0                 ; 0            ; 0       ; 0         ; 0         ; 0    ; 0            ; |cache_row_unit|cache_row_controller_unit:inst                                                                              ;              ;
;       |lpm_compare1:inst6|                   ; 2 (0)             ; 0 (0)        ; 0                 ; 0            ; 0       ; 0         ; 0         ; 0    ; 0            ; |cache_row_unit|cache_row_controller_unit:inst|lpm_compare1:inst6                                                           ; work         ;
;          |lpm_compare:lpm_compare_component| ; 2 (0)             ; 0 (0)        ; 0                 ; 0            ; 0       ; 0         ; 0         ; 0    ; 0            ; |cache_row_unit|cache_row_controller_unit:inst|lpm_compare1:inst6|lpm_compare:lpm_compare_component                         ;              ;
;             |cmpr_big:auto_generated|        ; 2 (2)             ; 0 (0)        ; 0                 ; 0            ; 0       ; 0         ; 0         ; 0    ; 0            ; |cache_row_unit|cache_row_controller_unit:inst|lpm_compare1:inst6|lpm_compare:lpm_compare_component|cmpr_big:auto_generated ; work         ;
;       |lpm_compare7:inst5|                   ; 9 (0)             ; 0 (0)        ; 0                 ; 0            ; 0       ; 0         ; 0         ; 0    ; 0            ; |cache_row_unit|cache_row_controller_unit:inst|lpm_compare7:inst5                                                           ; work         ;
;          |lpm_compare:lpm_compare_component| ; 9 (0)             ; 0 (0)        ; 0                 ; 0            ; 0       ; 0         ; 0         ; 0    ; 0            ; |cache_row_unit|cache_row_controller_unit:inst|lpm_compare7:inst5|lpm_compare:lpm_compare_component                         ; work         ;
;             |cmpr_ojg:auto_generated|        ; 9 (9)             ; 0 (0)        ; 0                 ; 0            ; 0       ; 0         ; 0         ; 0    ; 0            ; |cache_row_unit|cache_row_controller_unit:inst|lpm_compare7:inst5|lpm_compare:lpm_compare_component|cmpr_ojg:auto_generated ;              ;
;       |lpm_decode6:inst4|                    ; 4 (0)             ; 0 (0)        ; 0                 ; 0            ; 0       ; 0         ; 0         ; 0    ; 0            ; |cache_row_unit|cache_row_controller_unit:inst|lpm_decode6:inst4                                                            ;              ;
;          |lpm_decode:lpm_decode_component|   ; 4 (0)             ; 0 (0)        ; 0                 ; 0            ; 0       ; 0         ; 0         ; 0    ; 0            ; |cache_row_unit|cache_row_controller_unit:inst|lpm_decode6:inst4|lpm_decode:lpm_decode_component                            ; work         ;
;             |decode_0sf:auto_generated|      ; 4 (4)             ; 0 (0)        ; 0                 ; 0            ; 0       ; 0         ; 0         ; 0    ; 0            ; |cache_row_unit|cache_row_controller_unit:inst|lpm_decode6:inst4|lpm_decode:lpm_decode_component|decode_0sf:auto_generated  ;              ;
;    |cache_row_memory_unit:inst1|             ; 32 (0)            ; 76 (0)       ; 0                 ; 0            ; 0       ; 0         ; 0         ; 0    ; 0            ; |cache_row_unit|cache_row_memory_unit:inst1                                                                                 ; work         ;
;       |busmux:inst14|                        ; 16 (0)            ; 0 (0)        ; 0                 ; 0            ; 0       ; 0         ; 0         ; 0    ; 0            ; |cache_row_unit|cache_row_memory_unit:inst1|busmux:inst14                                                                   ;              ;
;          |lpm_mux:$00000|                    ; 16 (0)            ; 0 (0)        ; 0                 ; 0            ; 0       ; 0         ; 0         ; 0    ; 0            ; |cache_row_unit|cache_row_memory_unit:inst1|busmux:inst14|lpm_mux:$00000                                                    ; work         ;
;             |mux_dpc:auto_generated|         ; 16 (16)           ; 0 (0)        ; 0                 ; 0            ; 0       ; 0         ; 0         ; 0    ; 0            ; |cache_row_unit|cache_row_memory_unit:inst1|busmux:inst14|lpm_mux:$00000|mux_dpc:auto_generated                             ;              ;
;       |lpm_dff2:word_0|                      ; 0 (0)             ; 16 (0)       ; 0                 ; 0            ; 0       ; 0         ; 0         ; 0    ; 0            ; |cache_row_unit|cache_row_memory_unit:inst1|lpm_dff2:word_0                                                                 ;              ;
;          |lpm_ff:lpm_ff_component|           ; 0 (0)             ; 16 (16)      ; 0                 ; 0            ; 0       ; 0         ; 0         ; 0    ; 0            ; |cache_row_unit|cache_row_memory_unit:inst1|lpm_dff2:word_0|lpm_ff:lpm_ff_component                                         ; work         ;
;       |lpm_dff2:word_1|                      ; 0 (0)             ; 16 (0)       ; 0                 ; 0            ; 0       ; 0         ; 0         ; 0    ; 0            ; |cache_row_unit|cache_row_memory_unit:inst1|lpm_dff2:word_1                                                                 ; work         ;
;          |lpm_ff:lpm_ff_component|           ; 0 (0)             ; 16 (16)      ; 0                 ; 0            ; 0       ; 0         ; 0         ; 0    ; 0            ; |cache_row_unit|cache_row_memory_unit:inst1|lpm_dff2:word_1|lpm_ff:lpm_ff_component                                         ; work         ;
;       |lpm_dff2:word_2|                      ; 0 (0)             ; 16 (0)       ; 0                 ; 0            ; 0       ; 0         ; 0         ; 0    ; 0            ; |cache_row_unit|cache_row_memory_unit:inst1|lpm_dff2:word_2                                                                 ;              ;
;          |lpm_ff:lpm_ff_component|           ; 0 (0)             ; 16 (16)      ; 0                 ; 0            ; 0       ; 0         ; 0         ; 0    ; 0            ; |cache_row_unit|cache_row_memory_unit:inst1|lpm_dff2:word_2|lpm_ff:lpm_ff_component                                         ; work         ;
;       |lpm_dff2:word_3|                      ; 0 (0)             ; 16 (0)       ; 0                 ; 0            ; 0       ; 0         ; 0         ; 0    ; 0            ; |cache_row_unit|cache_row_memory_unit:inst1|lpm_dff2:word_3                                                                 ;              ;
;          |lpm_ff:lpm_ff_component|           ; 0 (0)             ; 16 (16)      ; 0                 ; 0            ; 0       ; 0         ; 0         ; 0    ; 0            ; |cache_row_unit|cache_row_memory_unit:inst1|lpm_dff2:word_3|lpm_ff:lpm_ff_component                                         ; work         ;
;       |lpm_dff3:tag|                         ; 0 (0)             ; 10 (0)       ; 0                 ; 0            ; 0       ; 0         ; 0         ; 0    ; 0            ; |cache_row_unit|cache_row_memory_unit:inst1|lpm_dff3:tag                                                                    ;              ;
;          |lpm_ff:lpm_ff_component|           ; 0 (0)             ; 10 (10)      ; 0                 ; 0            ; 0       ; 0         ; 0         ; 0    ; 0            ; |cache_row_unit|cache_row_memory_unit:inst1|lpm_dff3:tag|lpm_ff:lpm_ff_component                                            ; work         ;
;       |lpm_dff7:dirty_boots|                 ; 0 (0)             ; 1 (0)        ; 0                 ; 0            ; 0       ; 0         ; 0         ; 0    ; 0            ; |cache_row_unit|cache_row_memory_unit:inst1|lpm_dff7:dirty_boots                                                            ;              ;
;          |lpm_ff:lpm_ff_component|           ; 0 (0)             ; 1 (1)        ; 0                 ; 0            ; 0       ; 0         ; 0         ; 0    ; 0            ; |cache_row_unit|cache_row_memory_unit:inst1|lpm_dff7:dirty_boots|lpm_ff:lpm_ff_component                                    ; work         ;
;       |lpm_dff7:valid_fl|                    ; 0 (0)             ; 1 (0)        ; 0                 ; 0            ; 0       ; 0         ; 0         ; 0    ; 0            ; |cache_row_unit|cache_row_memory_unit:inst1|lpm_dff7:valid_fl                                                               ;              ;
;          |lpm_ff:lpm_ff_component|           ; 0 (0)             ; 1 (1)        ; 0                 ; 0            ; 0       ; 0         ; 0         ; 0    ; 0            ; |cache_row_unit|cache_row_memory_unit:inst1|lpm_dff7:valid_fl|lpm_ff:lpm_ff_component                                       ; work         ;
;       |lpm_mux7:inst|                        ; 16 (0)            ; 0 (0)        ; 0                 ; 0            ; 0       ; 0         ; 0         ; 0    ; 0            ; |cache_row_unit|cache_row_memory_unit:inst1|lpm_mux7:inst                                                                   ; work         ;
;          |lpm_mux:lpm_mux_component|         ; 16 (0)            ; 0 (0)        ; 0                 ; 0            ; 0       ; 0         ; 0         ; 0    ; 0            ; |cache_row_unit|cache_row_memory_unit:inst1|lpm_mux7:inst|lpm_mux:lpm_mux_component                                         ;              ;
;             |mux_r5e:auto_generated|         ; 16 (16)           ; 0 (0)        ; 0                 ; 0            ; 0       ; 0         ; 0         ; 0    ; 0            ; |cache_row_unit|cache_row_memory_unit:inst1|lpm_mux7:inst|lpm_mux:lpm_mux_component|mux_r5e:auto_generated                  ; work         ;
+----------------------------------------------+-------------------+--------------+-------------------+--------------+---------+-----------+-----------+------+--------------+-----------------------------------------------------------------------------------------------------------------------------+--------------+
Note: For table entries with two numbers listed, the numbers in parentheses indicate the number of resources of the given type used by the specific entity alone. The numbers listed outside of parentheses indicate the total resources of the given type used by the specific entity and all of its sub-entities in the hierarchy.


+------------------------------------------------------+
; General Register Statistics                          ;
+----------------------------------------------+-------+
; Statistic                                    ; Value ;
+----------------------------------------------+-------+
; Total registers                              ; 76    ;
; Number of registers using Synchronous Clear  ; 0     ;
; Number of registers using Synchronous Load   ; 0     ;
; Number of registers using Asynchronous Clear ; 76    ;
; Number of registers using Asynchronous Load  ; 0     ;
; Number of registers using Clock Enable       ; 76    ;
; Number of registers using Preset             ; 0     ;
+----------------------------------------------+-------+


+------------------------------------------------------------------------------------------------------------------------------------------------------------------------------------------------------------------------------------------------+
; Multiplexer Restructuring Statistics (Restructuring Performed)                                                                                                                                                                                 ;
+--------------------+-----------+---------------+----------------------+------------------------+------------+----------------------------------------------------------------------------------------------------------------------------------+
; Multiplexer Inputs ; Bus Width ; Baseline Area ; Area if Restructured ; Saving if Restructured ; Registered ; Example Multiplexer Output                                                                                                       ;
+--------------------+-----------+---------------+----------------------+------------------------+------------+----------------------------------------------------------------------------------------------------------------------------------+
; 4:1                ; 16 bits   ; 32 ALUTs      ; 32 ALUTs             ; 0 ALUTs                ; No         ; |cache_row_unit|cache_row_memory_unit:inst1|lpm_mux7:inst|lpm_mux:lpm_mux_component|mux_r5e:auto_generated|l2_w15_n0_mux_dataout ;
+--------------------+-----------+---------------+----------------------+------------------------+------------+----------------------------------------------------------------------------------------------------------------------------------+


+----------------------------------------------------------------------------------------------------------------------------------+
; Parameter Settings for User Entity Instance: cache_row_controller_unit:inst|lpm_compare7:inst5|lpm_compare:lpm_compare_component ;
+------------------------+------------+--------------------------------------------------------------------------------------------+
; Parameter Name         ; Value      ; Type                                                                                       ;
+------------------------+------------+--------------------------------------------------------------------------------------------+
; lpm_width              ; 10         ; Signed Integer                                                                             ;
; LPM_REPRESENTATION     ; UNSIGNED   ; Untyped                                                                                    ;
; LPM_PIPELINE           ; 0          ; Untyped                                                                                    ;
; CHAIN_SIZE             ; 8          ; Untyped                                                                                    ;
; ONE_INPUT_IS_CONSTANT  ; NO         ; Untyped                                                                                    ;
; CARRY_CHAIN            ; MANUAL     ; Untyped                                                                                    ;
; CASCADE_CHAIN          ; MANUAL     ; Untyped                                                                                    ;
; CARRY_CHAIN_LENGTH     ; 48         ; CARRY_CHAIN_LENGTH                                                                         ;
; CASCADE_CHAIN_LENGTH   ; 2          ; CASCADE_CHAIN_LENGTH                                                                       ;
; DEVICE_FAMILY          ; Stratix II ; Untyped                                                                                    ;
; CBXI_PARAMETER         ; cmpr_ojg   ; Untyped                                                                                    ;
; AUTO_CARRY_CHAINS      ; ON         ; AUTO_CARRY                                                                                 ;
; IGNORE_CARRY_BUFFERS   ; OFF        ; IGNORE_CARRY                                                                               ;
; AUTO_CASCADE_CHAINS    ; ON         ; AUTO_CASCADE                                                                               ;
; IGNORE_CASCADE_BUFFERS ; OFF        ; IGNORE_CASCADE                                                                             ;
+------------------------+------------+--------------------------------------------------------------------------------------------+
Note: In order to hide this table in the UI and the text report file, please set the "Show Parameter Settings Tables in Synthesis Report" option in "Analysis and Synthesis Settings -> More Settings" to "Off".


+----------------------------------------------------------------------------------------------------------------------------------+
; Parameter Settings for User Entity Instance: cache_row_controller_unit:inst|lpm_compare1:inst6|lpm_compare:lpm_compare_component ;
+------------------------+------------+--------------------------------------------------------------------------------------------+
; Parameter Name         ; Value      ; Type                                                                                       ;
+------------------------+------------+--------------------------------------------------------------------------------------------+
; lpm_width              ; 4          ; Signed Integer                                                                             ;
; LPM_REPRESENTATION     ; UNSIGNED   ; Untyped                                                                                    ;
; LPM_PIPELINE           ; 0          ; Untyped                                                                                    ;
; CHAIN_SIZE             ; 8          ; Untyped                                                                                    ;
; ONE_INPUT_IS_CONSTANT  ; NO         ; Untyped                                                                                    ;
; CARRY_CHAIN            ; MANUAL     ; Untyped                                                                                    ;
; CASCADE_CHAIN          ; MANUAL     ; Untyped                                                                                    ;
; CARRY_CHAIN_LENGTH     ; 48         ; CARRY_CHAIN_LENGTH                                                                         ;
; CASCADE_CHAIN_LENGTH   ; 2          ; CASCADE_CHAIN_LENGTH                                                                       ;
; DEVICE_FAMILY          ; Stratix II ; Untyped                                                                                    ;
; CBXI_PARAMETER         ; cmpr_big   ; Untyped                                                                                    ;
; AUTO_CARRY_CHAINS      ; ON         ; AUTO_CARRY                                                                                 ;
; IGNORE_CARRY_BUFFERS   ; OFF        ; IGNORE_CARRY                                                                               ;
; AUTO_CASCADE_CHAINS    ; ON         ; AUTO_CASCADE                                                                               ;
; IGNORE_CASCADE_BUFFERS ; OFF        ; IGNORE_CASCADE                                                                             ;
+------------------------+------------+--------------------------------------------------------------------------------------------+
Note: In order to hide this table in the UI and the text report file, please set the "Show Parameter Settings Tables in Synthesis Report" option in "Analysis and Synthesis Settings -> More Settings" to "Off".


+-------------------------------------------------------------------------------------------------------------------------------+
; Parameter Settings for User Entity Instance: cache_row_controller_unit:inst|lpm_decode6:inst4|lpm_decode:lpm_decode_component ;
+------------------------+------------+-----------------------------------------------------------------------------------------+
; Parameter Name         ; Value      ; Type                                                                                    ;
+------------------------+------------+-----------------------------------------------------------------------------------------+
; LPM_WIDTH              ; 2          ; Signed Integer                                                                          ;
; LPM_DECODES            ; 4          ; Signed Integer                                                                          ;
; LPM_PIPELINE           ; 0          ; Untyped                                                                                 ;
; CASCADE_CHAIN          ; MANUAL     ; Untyped                                                                                 ;
; DEVICE_FAMILY          ; Stratix II ; Untyped                                                                                 ;
; CBXI_PARAMETER         ; decode_0sf ; Untyped                                                                                 ;
; AUTO_CARRY_CHAINS      ; ON         ; AUTO_CARRY                                                                              ;
; IGNORE_CARRY_BUFFERS   ; OFF        ; IGNORE_CARRY                                                                            ;
; AUTO_CASCADE_CHAINS    ; ON         ; AUTO_CASCADE                                                                            ;
; IGNORE_CASCADE_BUFFERS ; OFF        ; IGNORE_CASCADE                                                                          ;
+------------------------+------------+-----------------------------------------------------------------------------------------+
Note: In order to hide this table in the UI and the text report file, please set the "Show Parameter Settings Tables in Synthesis Report" option in "Analysis and Synthesis Settings -> More Settings" to "Off".


+--------------------------------------------------------------------------------------------------------------------+
; Parameter Settings for User Entity Instance: cache_row_memory_unit:inst1|lpm_dff7:valid_fl|lpm_ff:lpm_ff_component ;
+------------------------+------------+------------------------------------------------------------------------------+
; Parameter Name         ; Value      ; Type                                                                         ;
+------------------------+------------+------------------------------------------------------------------------------+
; LPM_WIDTH              ; 1          ; Signed Integer                                                               ;
; LPM_AVALUE             ; UNUSED     ; Untyped                                                                      ;
; LPM_SVALUE             ; UNUSED     ; Untyped                                                                      ;
; LPM_FFTYPE             ; DFF        ; Untyped                                                                      ;
; DEVICE_FAMILY          ; Stratix II ; Untyped                                                                      ;
; CBXI_PARAMETER         ; NOTHING    ; Untyped                                                                      ;
; AUTO_CARRY_CHAINS      ; ON         ; AUTO_CARRY                                                                   ;
; IGNORE_CARRY_BUFFERS   ; OFF        ; IGNORE_CARRY                                                                 ;
; AUTO_CASCADE_CHAINS    ; ON         ; AUTO_CASCADE                                                                 ;
; IGNORE_CASCADE_BUFFERS ; OFF        ; IGNORE_CASCADE                                                               ;
+------------------------+------------+------------------------------------------------------------------------------+
Note: In order to hide this table in the UI and the text report file, please set the "Show Parameter Settings Tables in Synthesis Report" option in "Analysis and Synthesis Settings -> More Settings" to "Off".


+-----------------------------------------------------------------------------------------------------------------------+
; Parameter Settings for User Entity Instance: cache_row_memory_unit:inst1|lpm_dff7:dirty_boots|lpm_ff:lpm_ff_component ;
+------------------------+------------+---------------------------------------------------------------------------------+
; Parameter Name         ; Value      ; Type                                                                            ;
+------------------------+------------+---------------------------------------------------------------------------------+
; LPM_WIDTH              ; 1          ; Signed Integer                                                                  ;
; LPM_AVALUE             ; UNUSED     ; Untyped                                                                         ;
; LPM_SVALUE             ; UNUSED     ; Untyped                                                                         ;
; LPM_FFTYPE             ; DFF        ; Untyped                                                                         ;
; DEVICE_FAMILY          ; Stratix II ; Untyped                                                                         ;
; CBXI_PARAMETER         ; NOTHING    ; Untyped                                                                         ;
; AUTO_CARRY_CHAINS      ; ON         ; AUTO_CARRY                                                                      ;
; IGNORE_CARRY_BUFFERS   ; OFF        ; IGNORE_CARRY                                                                    ;
; AUTO_CASCADE_CHAINS    ; ON         ; AUTO_CASCADE                                                                    ;
; IGNORE_CASCADE_BUFFERS ; OFF        ; IGNORE_CASCADE                                                                  ;
+------------------------+------------+---------------------------------------------------------------------------------+
Note: In order to hide this table in the UI and the text report file, please set the "Show Parameter Settings Tables in Synthesis Report" option in "Analysis and Synthesis Settings -> More Settings" to "Off".


+-----------------------------------------------------------------------------------------------------------------------------+
; Parameter Settings for User Entity Instance: cache_row_memory_unit:inst1|lpm_bustri1:inst25|lpm_bustri:lpm_bustri_component ;
+----------------+-------+----------------------------------------------------------------------------------------------------+
; Parameter Name ; Value ; Type                                                                                               ;
+----------------+-------+----------------------------------------------------------------------------------------------------+
; LPM_WIDTH      ; 10    ; Signed Integer                                                                                     ;
+----------------+-------+----------------------------------------------------------------------------------------------------+
Note: In order to hide this table in the UI and the text report file, please set the "Show Parameter Settings Tables in Synthesis Report" option in "Analysis and Synthesis Settings -> More Settings" to "Off".


+---------------------------------------------------------------------------------------------------------------+
; Parameter Settings for User Entity Instance: cache_row_memory_unit:inst1|lpm_dff3:tag|lpm_ff:lpm_ff_component ;
+------------------------+------------+-------------------------------------------------------------------------+
; Parameter Name         ; Value      ; Type                                                                    ;
+------------------------+------------+-------------------------------------------------------------------------+
; LPM_WIDTH              ; 10         ; Signed Integer                                                          ;
; LPM_AVALUE             ; UNUSED     ; Untyped                                                                 ;
; LPM_SVALUE             ; UNUSED     ; Untyped                                                                 ;
; LPM_FFTYPE             ; DFF        ; Untyped                                                                 ;
; DEVICE_FAMILY          ; Stratix II ; Untyped                                                                 ;
; CBXI_PARAMETER         ; NOTHING    ; Untyped                                                                 ;
; AUTO_CARRY_CHAINS      ; ON         ; AUTO_CARRY                                                              ;
; IGNORE_CARRY_BUFFERS   ; OFF        ; IGNORE_CARRY                                                            ;
; AUTO_CASCADE_CHAINS    ; ON         ; AUTO_CASCADE                                                            ;
; IGNORE_CASCADE_BUFFERS ; OFF        ; IGNORE_CASCADE                                                          ;
+------------------------+------------+-------------------------------------------------------------------------+
Note: In order to hide this table in the UI and the text report file, please set the "Show Parameter Settings Tables in Synthesis Report" option in "Analysis and Synthesis Settings -> More Settings" to "Off".


+-----------------------------------------------------------------------------------------------------------------------------+
; Parameter Settings for User Entity Instance: cache_row_memory_unit:inst1|lpm_bustri0:inst24|lpm_bustri:lpm_bustri_component ;
+----------------+-------+----------------------------------------------------------------------------------------------------+
; Parameter Name ; Value ; Type                                                                                               ;
+----------------+-------+----------------------------------------------------------------------------------------------------+
; LPM_WIDTH      ; 16    ; Signed Integer                                                                                     ;
+----------------+-------+----------------------------------------------------------------------------------------------------+
Note: In order to hide this table in the UI and the text report file, please set the "Show Parameter Settings Tables in Synthesis Report" option in "Analysis and Synthesis Settings -> More Settings" to "Off".


+------------------------------------------------------------------------------------------------------------------+
; Parameter Settings for User Entity Instance: cache_row_memory_unit:inst1|lpm_mux7:inst|LPM_MUX:lpm_mux_component ;
+------------------------+------------+----------------------------------------------------------------------------+
; Parameter Name         ; Value      ; Type                                                                       ;
+------------------------+------------+----------------------------------------------------------------------------+
; AUTO_CARRY_CHAINS      ; ON         ; AUTO_CARRY                                                                 ;
; IGNORE_CARRY_BUFFERS   ; OFF        ; IGNORE_CARRY                                                               ;
; AUTO_CASCADE_CHAINS    ; ON         ; AUTO_CASCADE                                                               ;
; IGNORE_CASCADE_BUFFERS ; OFF        ; IGNORE_CASCADE                                                             ;
; LPM_WIDTH              ; 16         ; Signed Integer                                                             ;
; LPM_SIZE               ; 4          ; Signed Integer                                                             ;
; LPM_WIDTHS             ; 2          ; Signed Integer                                                             ;
; LPM_PIPELINE           ; 0          ; Signed Integer                                                             ;
; CBXI_PARAMETER         ; mux_r5e    ; Untyped                                                                    ;
; DEVICE_FAMILY          ; Stratix II ; Untyped                                                                    ;
+------------------------+------------+----------------------------------------------------------------------------+
Note: In order to hide this table in the UI and the text report file, please set the "Show Parameter Settings Tables in Synthesis Report" option in "Analysis and Synthesis Settings -> More Settings" to "Off".


+------------------------------------------------------------------------------------------------------------------+
; Parameter Settings for User Entity Instance: cache_row_memory_unit:inst1|lpm_dff2:word_0|lpm_ff:lpm_ff_component ;
+------------------------+------------+----------------------------------------------------------------------------+
; Parameter Name         ; Value      ; Type                                                                       ;
+------------------------+------------+----------------------------------------------------------------------------+
; LPM_WIDTH              ; 16         ; Signed Integer                                                             ;
; LPM_AVALUE             ; UNUSED     ; Untyped                                                                    ;
; LPM_SVALUE             ; UNUSED     ; Untyped                                                                    ;
; LPM_FFTYPE             ; DFF        ; Untyped                                                                    ;
; DEVICE_FAMILY          ; Stratix II ; Untyped                                                                    ;
; CBXI_PARAMETER         ; NOTHING    ; Untyped                                                                    ;
; AUTO_CARRY_CHAINS      ; ON         ; AUTO_CARRY                                                                 ;
; IGNORE_CARRY_BUFFERS   ; OFF        ; IGNORE_CARRY                                                               ;
; AUTO_CASCADE_CHAINS    ; ON         ; AUTO_CASCADE                                                               ;
; IGNORE_CASCADE_BUFFERS ; OFF        ; IGNORE_CASCADE                                                             ;
+------------------------+------------+----------------------------------------------------------------------------+
Note: In order to hide this table in the UI and the text report file, please set the "Show Parameter Settings Tables in Synthesis Report" option in "Analysis and Synthesis Settings -> More Settings" to "Off".


+------------------------------------------------------------------------------------------------------------------+
; Parameter Settings for User Entity Instance: cache_row_memory_unit:inst1|lpm_dff2:word_1|lpm_ff:lpm_ff_component ;
+------------------------+------------+----------------------------------------------------------------------------+
; Parameter Name         ; Value      ; Type                                                                       ;
+------------------------+------------+----------------------------------------------------------------------------+
; LPM_WIDTH              ; 16         ; Signed Integer                                                             ;
; LPM_AVALUE             ; UNUSED     ; Untyped                                                                    ;
; LPM_SVALUE             ; UNUSED     ; Untyped                                                                    ;
; LPM_FFTYPE             ; DFF        ; Untyped                                                                    ;
; DEVICE_FAMILY          ; Stratix II ; Untyped                                                                    ;
; CBXI_PARAMETER         ; NOTHING    ; Untyped                                                                    ;
; AUTO_CARRY_CHAINS      ; ON         ; AUTO_CARRY                                                                 ;
; IGNORE_CARRY_BUFFERS   ; OFF        ; IGNORE_CARRY                                                               ;
; AUTO_CASCADE_CHAINS    ; ON         ; AUTO_CASCADE                                                               ;
; IGNORE_CASCADE_BUFFERS ; OFF        ; IGNORE_CASCADE                                                             ;
+------------------------+------------+----------------------------------------------------------------------------+
Note: In order to hide this table in the UI and the text report file, please set the "Show Parameter Settings Tables in Synthesis Report" option in "Analysis and Synthesis Settings -> More Settings" to "Off".


+------------------------------------------------------------------------------------------------------------------+
; Parameter Settings for User Entity Instance: cache_row_memory_unit:inst1|lpm_dff2:word_2|lpm_ff:lpm_ff_component ;
+------------------------+------------+----------------------------------------------------------------------------+
; Parameter Name         ; Value      ; Type                                                                       ;
+------------------------+------------+----------------------------------------------------------------------------+
; LPM_WIDTH              ; 16         ; Signed Integer                                                             ;
; LPM_AVALUE             ; UNUSED     ; Untyped                                                                    ;
; LPM_SVALUE             ; UNUSED     ; Untyped                                                                    ;
; LPM_FFTYPE             ; DFF        ; Untyped                                                                    ;
; DEVICE_FAMILY          ; Stratix II ; Untyped                                                                    ;
; CBXI_PARAMETER         ; NOTHING    ; Untyped                                                                    ;
; AUTO_CARRY_CHAINS      ; ON         ; AUTO_CARRY                                                                 ;
; IGNORE_CARRY_BUFFERS   ; OFF        ; IGNORE_CARRY                                                               ;
; AUTO_CASCADE_CHAINS    ; ON         ; AUTO_CASCADE                                                               ;
; IGNORE_CASCADE_BUFFERS ; OFF        ; IGNORE_CASCADE                                                             ;
+------------------------+------------+----------------------------------------------------------------------------+
Note: In order to hide this table in the UI and the text report file, please set the "Show Parameter Settings Tables in Synthesis Report" option in "Analysis and Synthesis Settings -> More Settings" to "Off".


+------------------------------------------------------------------------------------------------------------------+
; Parameter Settings for User Entity Instance: cache_row_memory_unit:inst1|lpm_dff2:word_3|lpm_ff:lpm_ff_component ;
+------------------------+------------+----------------------------------------------------------------------------+
; Parameter Name         ; Value      ; Type                                                                       ;
+------------------------+------------+----------------------------------------------------------------------------+
; LPM_WIDTH              ; 16         ; Signed Integer                                                             ;
; LPM_AVALUE             ; UNUSED     ; Untyped                                                                    ;
; LPM_SVALUE             ; UNUSED     ; Untyped                                                                    ;
; LPM_FFTYPE             ; DFF        ; Untyped                                                                    ;
; DEVICE_FAMILY          ; Stratix II ; Untyped                                                                    ;
; CBXI_PARAMETER         ; NOTHING    ; Untyped                                                                    ;
; AUTO_CARRY_CHAINS      ; ON         ; AUTO_CARRY                                                                 ;
; IGNORE_CARRY_BUFFERS   ; OFF        ; IGNORE_CARRY                                                               ;
; AUTO_CASCADE_CHAINS    ; ON         ; AUTO_CASCADE                                                               ;
; IGNORE_CASCADE_BUFFERS ; OFF        ; IGNORE_CASCADE                                                             ;
+------------------------+------------+----------------------------------------------------------------------------+
Note: In order to hide this table in the UI and the text report file, please set the "Show Parameter Settings Tables in Synthesis Report" option in "Analysis and Synthesis Settings -> More Settings" to "Off".


+----------------------------------------------------------------------------------------+
; Parameter Settings for User Entity Instance: cache_row_memory_unit:inst1|BUSMUX:inst14 ;
+----------------+-------+---------------------------------------------------------------+
; Parameter Name ; Value ; Type                                                          ;
+----------------+-------+---------------------------------------------------------------+
; WIDTH          ; 16    ; Signed Integer                                                ;
+----------------+-------+---------------------------------------------------------------+
Note: In order to hide this table in the UI and the text report file, please set the "Show Parameter Settings Tables in Synthesis Report" option in "Analysis and Synthesis Settings -> More Settings" to "Off".


+-------------------------------+
; Analysis & Synthesis Messages ;
+-------------------------------+
Info: *******************************************************************
Info: Running Quartus II Analysis & Synthesis
    Info: Version 9.1 Build 222 10/21/2009 SJ Web Edition
    Info: Processing started: Sat May 30 00:35:06 2026
Info: Command: quartus_map --read_settings_files=on --write_settings_files=off SiFOVM_KP -c SiFOVM_KP
Info: Found 1 design units, including 1 entities, in source file dff_addr.bdf
    Info: Found entity 1: dff_addr
Info: Found 2 design units, including 1 entities, in source file lpm_add_sub6.vhd
    Info: Found design unit 1: lpm_add_sub6-SYN
    Info: Found entity 1: lpm_add_sub6
Info: Found 2 design units, including 1 entities, in source file lpm_constant23.vhd
    Info: Found design unit 1: lpm_constant23-SYN
    Info: Found entity 1: lpm_constant23
Info: Found 2 design units, including 1 entities, in source file lpm_constant24.vhd
    Info: Found design unit 1: lpm_constant24-SYN
    Info: Found entity 1: lpm_constant24
Info: Found 2 design units, including 1 entities, in source file lpm_constant25.vhd
    Info: Found design unit 1: lpm_constant25-SYN
    Info: Found entity 1: lpm_constant25
Info: Found 2 design units, including 1 entities, in source file lpm_constant26.vhd
    Info: Found design unit 1: lpm_constant26-SYN
    Info: Found entity 1: lpm_constant26
Info: Found 2 design units, including 1 entities, in source file lpm_counter3.vhd
    Info: Found design unit 1: lpm_counter3-SYN
    Info: Found entity 1: lpm_counter3
Info: Found 2 design units, including 1 entities, in source file lpm_or5.vhd
    Info: Found design unit 1: lpm_or5-SYN
    Info: Found entity 1: lpm_or5
Info: Found 1 design units, including 1 entities, in source file stack_controller.bdf
    Info: Found entity 1: stack_controller
Info: Found 2 design units, including 1 entities, in source file lpm_constant0.vhd
    Info: Found design unit 1: lpm_constant0-SYN
    Info: Found entity 1: lpm_constant0
Info: Found 2 design units, including 1 entities, in source file lpm_constant1.vhd
    Info: Found design unit 1: lpm_constant1-SYN
    Info: Found entity 1: lpm_constant1
Info: Found 2 design units, including 1 entities, in source file lpm_constant10.vhd
    Info: Found design unit 1: lpm_constant10-SYN
    Info: Found entity 1: lpm_constant10
Info: Found 2 design units, including 1 entities, in source file lpm_constant11.vhd
    Info: Found design unit 1: lpm_constant11-SYN
    Info: Found entity 1: lpm_constant11
Info: Found 2 design units, including 1 entities, in source file lpm_constant12.vhd
    Info: Found design unit 1: lpm_constant12-SYN
    Info: Found entity 1: lpm_constant12
Info: Found 2 design units, including 1 entities, in source file lpm_constant13.vhd
    Info: Found design unit 1: lpm_constant13-SYN
    Info: Found entity 1: lpm_constant13
Info: Found 2 design units, including 1 entities, in source file lpm_constant14.vhd
    Info: Found design unit 1: lpm_constant14-SYN
    Info: Found entity 1: lpm_constant14
Info: Found 2 design units, including 1 entities, in source file lpm_constant15.vhd
    Info: Found design unit 1: lpm_constant15-SYN
    Info: Found entity 1: lpm_constant15
Info: Found 2 design units, including 1 entities, in source file lpm_constant2.vhd
    Info: Found design unit 1: lpm_constant2-SYN
    Info: Found entity 1: lpm_constant2
Info: Found 2 design units, including 1 entities, in source file lpm_constant3.vhd
    Info: Found design unit 1: lpm_constant3-SYN
    Info: Found entity 1: lpm_constant3
Info: Found 2 design units, including 1 entities, in source file lpm_constant4.vhd
    Info: Found design unit 1: lpm_constant4-SYN
    Info: Found entity 1: lpm_constant4
Info: Found 2 design units, including 1 entities, in source file lpm_constant5.vhd
    Info: Found design unit 1: lpm_constant5-SYN
    Info: Found entity 1: lpm_constant5
Info: Found 2 design units, including 1 entities, in source file lpm_constant6.vhd
    Info: Found design unit 1: lpm_constant6-SYN
    Info: Found entity 1: lpm_constant6
Info: Found 2 design units, including 1 entities, in source file lpm_constant7.vhd
    Info: Found design unit 1: lpm_constant7-SYN
    Info: Found entity 1: lpm_constant7
Info: Found 2 design units, including 1 entities, in source file lpm_constant8.vhd
    Info: Found design unit 1: lpm_constant8-SYN
    Info: Found entity 1: lpm_constant8
Info: Found 2 design units, including 1 entities, in source file lpm_constant9.vhd
    Info: Found design unit 1: lpm_constant9-SYN
    Info: Found entity 1: lpm_constant9
Info: Found 2 design units, including 1 entities, in source file lpm_decode7.vhd
    Info: Found design unit 1: lpm_decode7-SYN
    Info: Found entity 1: lpm_decode7
Info: Found 2 design units, including 1 entities, in source file lpm_ff0.vhd
    Info: Found design unit 1: lpm_ff0-SYN
    Info: Found entity 1: lpm_ff0
Info: Found 2 design units, including 1 entities, in source file lpm_mux6.vhd
    Info: Found design unit 1: lpm_mux6-SYN
    Info: Found entity 1: lpm_mux6
Info: Found 2 design units, including 1 entities, in source file lpm_mux7.vhd
    Info: Found design unit 1: lpm_mux7-SYN
    Info: Found entity 1: lpm_mux7
Info: Found 2 design units, including 1 entities, in source file lpm_or1.vhd
    Info: Found design unit 1: lpm_or1-SYN
    Info: Found entity 1: lpm_or1
Info: Found 2 design units, including 1 entities, in source file lpm_or2.vhd
    Info: Found design unit 1: lpm_or2-SYN
    Info: Found entity 1: lpm_or2
Warning: Can't analyze file -- file Cash.bdf is missing
Warning: Can't analyze file -- file CashBank.bdf is missing
Warning: Can't analyze file -- file CashRow.bdf is missing
Info: Found 2 design units, including 1 entities, in source file lpm_bustri0.vhd
    Info: Found design unit 1: lpm_bustri0-SYN
    Info: Found entity 1: lpm_bustri0
Info: Found 2 design units, including 1 entities, in source file lpm_clshift0.vhd
    Info: Found design unit 1: lpm_clshift0-SYN
    Info: Found entity 1: lpm_clshift0
Info: Found 2 design units, including 1 entities, in source file lpm_counter0.vhd
    Info: Found design unit 1: lpm_counter0-SYN
    Info: Found entity 1: lpm_counter0
Info: Found 2 design units, including 1 entities, in source file lpm_decode3.vhd
    Info: Found design unit 1: lpm_decode3-SYN
    Info: Found entity 1: lpm_decode3
Info: Found 2 design units, including 1 entities, in source file lpm_decode4.vhd
    Info: Found design unit 1: lpm_decode4-SYN
    Info: Found entity 1: lpm_decode4
Info: Found 2 design units, including 1 entities, in source file lpm_decode5.vhd
    Info: Found design unit 1: lpm_decode5-SYN
    Info: Found entity 1: lpm_decode5
Info: Found 2 design units, including 1 entities, in source file lpm_dff0.vhd
    Info: Found design unit 1: lpm_dff0-SYN
    Info: Found entity 1: lpm_dff0
Info: Found 2 design units, including 1 entities, in source file lpm_dff2.vhd
    Info: Found design unit 1: lpm_dff2-SYN
    Info: Found entity 1: lpm_dff2
Info: Found 2 design units, including 1 entities, in source file lpm_dff6.vhd
    Info: Found design unit 1: lpm_dff6-SYN
    Info: Found entity 1: lpm_dff6
Info: Found 2 design units, including 1 entities, in source file lpm_mux5.vhd
    Info: Found design unit 1: lpm_mux5-SYN
    Info: Found entity 1: lpm_mux5
Info: Found 2 design units, including 1 entities, in source file lpm_or0.vhd
    Info: Found design unit 1: lpm_or0-SYN
    Info: Found entity 1: lpm_or0
Info: Found 2 design units, including 1 entities, in source file lpm_rom0.vhd
    Info: Found design unit 1: lpm_rom0-SYN
    Info: Found entity 1: lpm_rom0
Info: Found 2 design units, including 1 entities, in source file lpm_xor0.vhd
    Info: Found design unit 1: lpm_xor0-SYN
    Info: Found entity 1: lpm_xor0
Info: Found 1 design units, including 1 entities, in source file register_unit.bdf
    Info: Found entity 1: register_unit
Info: Found 1 design units, including 1 entities, in source file stack_unit.bdf
    Info: Found entity 1: stack_unit
Info: Found 2 design units, including 1 entities, in source file lpm_decode0.vhd
    Info: Found design unit 1: lpm_decode0-SYN
    Info: Found entity 1: lpm_decode0
Info: Found 2 design units, including 1 entities, in source file lpm_decode1.vhd
    Info: Found design unit 1: lpm_decode1-SYN
    Info: Found entity 1: lpm_decode1
Info: Found 2 design units, including 1 entities, in source file lpm_mux0.vhd
    Info: Found design unit 1: lpm_mux0-SYN
    Info: Found entity 1: lpm_mux0
Info: Found 2 design units, including 1 entities, in source file lpm_dff1.vhd
    Info: Found design unit 1: lpm_dff1-SYN
    Info: Found entity 1: lpm_dff1
Info: Found 2 design units, including 1 entities, in source file lpm_compare0.vhd
    Info: Found design unit 1: lpm_compare0-SYN
    Info: Found entity 1: lpm_compare0
Info: Found 2 design units, including 1 entities, in source file lpm_mux4.vhd
    Info: Found design unit 1: lpm_mux4-SYN
    Info: Found entity 1: lpm_mux4
Info: Found 2 design units, including 1 entities, in source file lpm_mux1.vhd
    Info: Found design unit 1: lpm_mux1-SYN
    Info: Found entity 1: lpm_mux1
Info: Found 2 design units, including 1 entities, in source file lpm_counter1.vhd
    Info: Found design unit 1: lpm_counter1-SYN
    Info: Found entity 1: lpm_counter1
Info: Found 2 design units, including 1 entities, in source file lpm_decode2.vhd
    Info: Found design unit 1: lpm_decode2-SYN
    Info: Found entity 1: lpm_decode2
Info: Found 2 design units, including 1 entities, in source file lpm_mux2.vhd
    Info: Found design unit 1: lpm_mux2-SYN
    Info: Found entity 1: lpm_mux2
Info: Found 2 design units, including 1 entities, in source file lpm_mux3.vhd
    Info: Found design unit 1: lpm_mux3-SYN
    Info: Found entity 1: lpm_mux3
Info: Found 1 design units, including 1 entities, in source file logic_or.bdf
    Info: Found entity 1: logic_OR
Info: Found 1 design units, including 1 entities, in source file logic_nxor.bdf
    Info: Found entity 1: logic_NXOR
Info: Found 1 design units, including 1 entities, in source file ror.bdf
    Info: Found entity 1: ROR
Info: Found 1 design units, including 1 entities, in source file cmp.bdf
    Info: Found entity 1: CMP
Info: Found 2 design units, including 1 entities, in source file lpm_add_sub0.vhd
    Info: Found design unit 1: lpm_add_sub0-SYN
    Info: Found entity 1: lpm_add_sub0
Info: Found 1 design units, including 1 entities, in source file sifovm_kp.bdf
    Info: Found entity 1: SiFOVM_KP
Info: Found 1 design units, including 1 entities, in source file cache_bank_unit.bdf
    Info: Found entity 1: cache_bank_unit
Info: Found 1 design units, including 1 entities, in source file cache_row_unit.bdf
    Info: Found entity 1: cache_row_unit
Info: Found 1 design units, including 1 entities, in source file cache_unit.bdf
    Info: Found entity 1: cache_unit
Info: Found 2 design units, including 1 entities, in source file lpm_dff3.vhd
    Info: Found design unit 1: lpm_dff3-SYN
    Info: Found entity 1: lpm_dff3
Info: Found 1 design units, including 1 entities, in source file cache_bank.bdf
    Info: Found entity 1: cache_bank
Info: Found 1 design units, including 1 entities, in source file cache_row.bdf
    Info: Found entity 1: cache_row
Info: Found 2 design units, including 1 entities, in source file lpm_bustri1.vhd
    Info: Found design unit 1: lpm_bustri1-SYN
    Info: Found entity 1: lpm_bustri1
Info: Found 1 design units, including 1 entities, in source file addr_parser.bdf
    Info: Found entity 1: addr_parser
Info: Found 2 design units, including 1 entities, in source file lpm_decode6.vhd
    Info: Found design unit 1: lpm_decode6-SYN
    Info: Found entity 1: lpm_decode6
Info: Found 2 design units, including 1 entities, in source file lpm_dff4.vhd
    Info: Found design unit 1: lpm_dff4-SYN
    Info: Found entity 1: lpm_dff4
Info: Found 2 design units, including 1 entities, in source file lpm_compare1.vhd
    Info: Found design unit 1: lpm_compare1-SYN
    Info: Found entity 1: lpm_compare1
Info: Found 2 design units, including 1 entities, in source file lpm_compare2.vhd
    Info: Found design unit 1: lpm_compare2-SYN
    Info: Found entity 1: lpm_compare2
Info: Found 2 design units, including 1 entities, in source file lpm_dff5.vhd
    Info: Found design unit 1: lpm_dff5-SYN
    Info: Found entity 1: lpm_dff5
Info: Found 2 design units, including 1 entities, in source file lpm_decode8.vhd
    Info: Found design unit 1: lpm_decode8-SYN
    Info: Found entity 1: lpm_decode8
Info: Found 2 design units, including 1 entities, in source file lpm_counter2.vhd
    Info: Found design unit 1: lpm_counter2-SYN
    Info: Found entity 1: lpm_counter2
Info: Found 2 design units, including 1 entities, in source file lpm_constant16.vhd
    Info: Found design unit 1: lpm_constant16-SYN
    Info: Found entity 1: lpm_constant16
Info: Found 2 design units, including 1 entities, in source file lpm_compare3.vhd
    Info: Found design unit 1: lpm_compare3-SYN
    Info: Found entity 1: lpm_compare3
Info: Found 2 design units, including 1 entities, in source file lpm_compare4.vhd
    Info: Found design unit 1: lpm_compare4-SYN
    Info: Found entity 1: lpm_compare4
Info: Found 2 design units, including 1 entities, in source file lpm_constant17.vhd
    Info: Found design unit 1: lpm_constant17-SYN
    Info: Found entity 1: lpm_constant17
Info: Found 1 design units, including 1 entities, in source file cpu_unit.bdf
    Info: Found entity 1: cpu_unit
Info: Found 2 design units, including 1 entities, in source file lpm_bustri2.vhd
    Info: Found design unit 1: lpm_bustri2-SYN
    Info: Found entity 1: lpm_bustri2
Info: Found 2 design units, including 1 entities, in source file lpm_bustri3.vhd
    Info: Found design unit 1: lpm_bustri3-SYN
    Info: Found entity 1: lpm_bustri3
Info: Found 1 design units, including 1 entities, in source file address_decoder.bdf
    Info: Found entity 1: address_decoder
Info: Found 2 design units, including 1 entities, in source file lpm_constant18.vhd
    Info: Found design unit 1: lpm_constant18-SYN
    Info: Found entity 1: lpm_constant18
Info: Found 2 design units, including 1 entities, in source file lpm_constant19.vhd
    Info: Found design unit 1: lpm_constant19-SYN
    Info: Found entity 1: lpm_constant19
Info: Found 2 design units, including 1 entities, in source file lpm_add_sub1.vhd
    Info: Found design unit 1: lpm_add_sub1-SYN
    Info: Found entity 1: lpm_add_sub1
Info: Found 2 design units, including 1 entities, in source file lpm_constant20.vhd
    Info: Found design unit 1: lpm_constant20-SYN
    Info: Found entity 1: lpm_constant20
Info: Found 2 design units, including 1 entities, in source file lpm_constant21.vhd
    Info: Found design unit 1: lpm_constant21-SYN
    Info: Found entity 1: lpm_constant21
Info: Found 2 design units, including 1 entities, in source file lpm_constant22.vhd
    Info: Found design unit 1: lpm_constant22-SYN
    Info: Found entity 1: lpm_constant22
Info: Found 2 design units, including 1 entities, in source file lpm_bustri4.vhd
    Info: Found design unit 1: lpm_bustri4-SYN
    Info: Found entity 1: lpm_bustri4
Info: Found 2 design units, including 1 entities, in source file lpm_bustri5.vhd
    Info: Found design unit 1: lpm_bustri5-SYN
    Info: Found entity 1: lpm_bustri5
Info: Found 2 design units, including 1 entities, in source file lpm_decode9.vhd
    Info: Found design unit 1: lpm_decode9-SYN
    Info: Found entity 1: lpm_decode9
Info: Found 1 design units, including 1 entities, in source file reg_file_unit.bdf
    Info: Found entity 1: reg_file_unit
Info: Found 2 design units, including 1 entities, in source file lpm_decode10.vhd
    Info: Found design unit 1: lpm_decode10-SYN
    Info: Found entity 1: lpm_decode10
Info: Found 1 design units, including 1 entities, in source file stack_memory.bdf
    Info: Found entity 1: stack_memory
Info: Found 1 design units, including 1 entities, in source file stack_memory_unit.bdf
    Info: Found entity 1: stack_memory_unit
Info: Found 1 design units, including 1 entities, in source file stack_controller_unit.bdf
    Info: Found entity 1: stack_controller_unit
Info: Found 2 design units, including 1 entities, in source file lpm_ff1.vhd
    Info: Found design unit 1: lpm_ff1-SYN
    Info: Found entity 1: lpm_ff1
Info: Found 2 design units, including 1 entities, in source file lpm_constant27.vhd
    Info: Found design unit 1: lpm_constant27-SYN
    Info: Found entity 1: lpm_constant27
Info: Found 2 design units, including 1 entities, in source file lpm_add_sub2.vhd
    Info: Found design unit 1: lpm_add_sub2-SYN
    Info: Found entity 1: lpm_add_sub2
Info: Found 2 design units, including 1 entities, in source file lpm_add_sub3.vhd
    Info: Found design unit 1: lpm_add_sub3-SYN
    Info: Found entity 1: lpm_add_sub3
Info: Found 2 design units, including 1 entities, in source file lpm_mux8.vhd
    Info: Found design unit 1: lpm_mux8-SYN
    Info: Found entity 1: lpm_mux8
Info: Found 2 design units, including 1 entities, in source file lpm_compare5.vhd
    Info: Found design unit 1: lpm_compare5-SYN
    Info: Found entity 1: lpm_compare5
Info: Found 2 design units, including 1 entities, in source file lpm_compare6.vhd
    Info: Found design unit 1: lpm_compare6-SYN
    Info: Found entity 1: lpm_compare6
Info: Found 2 design units, including 1 entities, in source file lpm_ff2.vhd
    Info: Found design unit 1: lpm_ff2-SYN
    Info: Found entity 1: lpm_ff2
Info: Found 2 design units, including 1 entities, in source file lpm_dff7.vhd
    Info: Found design unit 1: lpm_dff7-SYN
    Info: Found entity 1: lpm_dff7
Info: Found 2 design units, including 1 entities, in source file lpm_compare7.vhd
    Info: Found design unit 1: lpm_compare7-SYN
    Info: Found entity 1: lpm_compare7
Info: Found 1 design units, including 1 entities, in source file cache_row_controller_unit.bdf
    Info: Found entity 1: cache_row_controller_unit
Info: Found 1 design units, including 1 entities, in source file cache_row_memory_unit.bdf
    Info: Found entity 1: cache_row_memory_unit
Info: Elaborating entity "cache_row_unit" for the top level hierarchy
Info: Elaborating entity "cache_row_controller_unit" for hierarchy "cache_row_controller_unit:inst"
Info: Elaborating entity "lpm_compare7" for hierarchy "cache_row_controller_unit:inst|lpm_compare7:inst5"
Info: Elaborating entity "lpm_compare" for hierarchy "cache_row_controller_unit:inst|lpm_compare7:inst5|lpm_compare:lpm_compare_component"
Info: Elaborated megafunction instantiation "cache_row_controller_unit:inst|lpm_compare7:inst5|lpm_compare:lpm_compare_component"
Info: Instantiated megafunction "cache_row_controller_unit:inst|lpm_compare7:inst5|lpm_compare:lpm_compare_component" with the following parameter:
    Info: Parameter "lpm_representation" = "UNSIGNED"
    Info: Parameter "lpm_type" = "LPM_COMPARE"
    Info: Parameter "lpm_width" = "10"
Info: Found 1 design units, including 1 entities, in source file db/cmpr_ojg.tdf
    Info: Found entity 1: cmpr_ojg
Info: Elaborating entity "cmpr_ojg" for hierarchy "cache_row_controller_unit:inst|lpm_compare7:inst5|lpm_compare:lpm_compare_component|cmpr_ojg:auto_generated"
Info: Elaborating entity "lpm_compare1" for hierarchy "cache_row_controller_unit:inst|lpm_compare1:inst6"
Info: Elaborating entity "lpm_compare" for hierarchy "cache_row_controller_unit:inst|lpm_compare1:inst6|lpm_compare:lpm_compare_component"
Info: Elaborated megafunction instantiation "cache_row_controller_unit:inst|lpm_compare1:inst6|lpm_compare:lpm_compare_component"
Info: Instantiated megafunction "cache_row_controller_unit:inst|lpm_compare1:inst6|lpm_compare:lpm_compare_component" with the following parameter:
    Info: Parameter "lpm_representation" = "UNSIGNED"
    Info: Parameter "lpm_type" = "LPM_COMPARE"
    Info: Parameter "lpm_width" = "4"
Info: Found 1 design units, including 1 entities, in source file db/cmpr_big.tdf
    Info: Found entity 1: cmpr_big
Info: Elaborating entity "cmpr_big" for hierarchy "cache_row_controller_unit:inst|lpm_compare1:inst6|lpm_compare:lpm_compare_component|cmpr_big:auto_generated"
Info: Elaborating entity "lpm_decode6" for hierarchy "cache_row_controller_unit:inst|lpm_decode6:inst4"
Info: Elaborating entity "lpm_decode" for hierarchy "cache_row_controller_unit:inst|lpm_decode6:inst4|lpm_decode:lpm_decode_component"
Info: Elaborated megafunction instantiation "cache_row_controller_unit:inst|lpm_decode6:inst4|lpm_decode:lpm_decode_component"
Info: Instantiated megafunction "cache_row_controller_unit:inst|lpm_decode6:inst4|lpm_decode:lpm_decode_component" with the following parameter:
    Info: Parameter "lpm_decodes" = "4"
    Info: Parameter "lpm_type" = "LPM_DECODE"
    Info: Parameter "lpm_width" = "2"
Info: Found 1 design units, including 1 entities, in source file db/decode_0sf.tdf
    Info: Found entity 1: decode_0sf
Info: Elaborating entity "decode_0sf" for hierarchy "cache_row_controller_unit:inst|lpm_decode6:inst4|lpm_decode:lpm_decode_component|decode_0sf:auto_generated"
Info: Elaborating entity "cache_row_memory_unit" for hierarchy "cache_row_memory_unit:inst1"
Info: Elaborating entity "lpm_dff7" for hierarchy "cache_row_memory_unit:inst1|lpm_dff7:valid_fl"
Info: Elaborating entity "lpm_ff" for hierarchy "cache_row_memory_unit:inst1|lpm_dff7:valid_fl|lpm_ff:lpm_ff_component"
Info: Elaborated megafunction instantiation "cache_row_memory_unit:inst1|lpm_dff7:valid_fl|lpm_ff:lpm_ff_component"
Info: Instantiated megafunction "cache_row_memory_unit:inst1|lpm_dff7:valid_fl|lpm_ff:lpm_ff_component" with the following parameter:
    Info: Parameter "lpm_fftype" = "DFF"
    Info: Parameter "lpm_type" = "LPM_FF"
    Info: Parameter "lpm_width" = "1"
Info: Elaborating entity "lpm_bustri1" for hierarchy "cache_row_memory_unit:inst1|lpm_bustri1:inst25"
Info: Elaborating entity "lpm_bustri" for hierarchy "cache_row_memory_unit:inst1|lpm_bustri1:inst25|lpm_bustri:lpm_bustri_component"
Info: Elaborated megafunction instantiation "cache_row_memory_unit:inst1|lpm_bustri1:inst25|lpm_bustri:lpm_bustri_component"
Info: Instantiated megafunction "cache_row_memory_unit:inst1|lpm_bustri1:inst25|lpm_bustri:lpm_bustri_component" with the following parameter:
    Info: Parameter "lpm_type" = "LPM_BUSTRI"
    Info: Parameter "lpm_width" = "10"
Info: Elaborating entity "lpm_dff3" for hierarchy "cache_row_memory_unit:inst1|lpm_dff3:tag"
Info: Elaborating entity "lpm_ff" for hierarchy "cache_row_memory_unit:inst1|lpm_dff3:tag|lpm_ff:lpm_ff_component"
Info: Elaborated megafunction instantiation "cache_row_memory_unit:inst1|lpm_dff3:tag|lpm_ff:lpm_ff_component"
Info: Instantiated megafunction "cache_row_memory_unit:inst1|lpm_dff3:tag|lpm_ff:lpm_ff_component" with the following parameter:
    Info: Parameter "lpm_fftype" = "DFF"
    Info: Parameter "lpm_type" = "LPM_FF"
    Info: Parameter "lpm_width" = "10"
Info: Elaborating entity "lpm_bustri0" for hierarchy "cache_row_memory_unit:inst1|lpm_bustri0:inst24"
Info: Elaborating entity "lpm_bustri" for hierarchy "cache_row_memory_unit:inst1|lpm_bustri0:inst24|lpm_bustri:lpm_bustri_component"
Info: Elaborated megafunction instantiation "cache_row_memory_unit:inst1|lpm_bustri0:inst24|lpm_bustri:lpm_bustri_component"
Info: Instantiated megafunction "cache_row_memory_unit:inst1|lpm_bustri0:inst24|lpm_bustri:lpm_bustri_component" with the following parameter:
    Info: Parameter "lpm_type" = "LPM_BUSTRI"
    Info: Parameter "lpm_width" = "16"
Info: Elaborating entity "lpm_mux7" for hierarchy "cache_row_memory_unit:inst1|lpm_mux7:inst"
Info: Elaborating entity "LPM_MUX" for hierarchy "cache_row_memory_unit:inst1|lpm_mux7:inst|LPM_MUX:lpm_mux_component"
Info: Elaborated megafunction instantiation "cache_row_memory_unit:inst1|lpm_mux7:inst|LPM_MUX:lpm_mux_component"
Info: Instantiated megafunction "cache_row_memory_unit:inst1|lpm_mux7:inst|LPM_MUX:lpm_mux_component" with the following parameter:
    Info: Parameter "LPM_WIDTH" = "16"
    Info: Parameter "LPM_SIZE" = "4"
    Info: Parameter "LPM_WIDTHS" = "2"
    Info: Parameter "LPM_PIPELINE" = "0"
    Info: Parameter "LPM_TYPE" = "LPM_MUX"
    Info: Parameter "LPM_HINT" = "UNUSED"
Info: Found 1 design units, including 1 entities, in source file db/mux_r5e.tdf
    Info: Found entity 1: mux_r5e
Info: Elaborating entity "mux_r5e" for hierarchy "cache_row_memory_unit:inst1|lpm_mux7:inst|LPM_MUX:lpm_mux_component|mux_r5e:auto_generated"
Info: Elaborating entity "lpm_dff2" for hierarchy "cache_row_memory_unit:inst1|lpm_dff2:word_0"
Info: Elaborating entity "lpm_ff" for hierarchy "cache_row_memory_unit:inst1|lpm_dff2:word_0|lpm_ff:lpm_ff_component"
Info: Elaborated megafunction instantiation "cache_row_memory_unit:inst1|lpm_dff2:word_0|lpm_ff:lpm_ff_component"
Info: Instantiated megafunction "cache_row_memory_unit:inst1|lpm_dff2:word_0|lpm_ff:lpm_ff_component" with the following parameter:
    Info: Parameter "lpm_fftype" = "DFF"
    Info: Parameter "lpm_type" = "LPM_FF"
    Info: Parameter "lpm_width" = "16"
Info: Elaborating entity "BUSMUX" for hierarchy "cache_row_memory_unit:inst1|BUSMUX:inst14"
Info: Elaborated megafunction instantiation "cache_row_memory_unit:inst1|BUSMUX:inst14"
Info: Instantiated megafunction "cache_row_memory_unit:inst1|BUSMUX:inst14" with the following parameter:
    Info: Parameter "WIDTH" = "16"
Info: Elaborating entity "LPM_MUX" for hierarchy "cache_row_memory_unit:inst1|BUSMUX:inst14|LPM_MUX:$00000"
Info: Elaborated megafunction instantiation "cache_row_memory_unit:inst1|BUSMUX:inst14|LPM_MUX:$00000", which is child of megafunction instantiation "cache_row_memory_unit:inst1|BUSMUX:inst14"
Info: Found 1 design units, including 1 entities, in source file db/mux_dpc.tdf
    Info: Found entity 1: mux_dpc
Info: Elaborating entity "mux_dpc" for hierarchy "cache_row_memory_unit:inst1|BUSMUX:inst14|LPM_MUX:$00000|mux_dpc:auto_generated"
Warning: Tri-state node(s) do not directly drive top-level pin(s)
    Warning: Converted the fan-out from the tri-state buffer "cache_row_memory_unit:inst1|lpm_bustri1:inst25|lpm_bustri:lpm_bustri_component|dout[8]" to the node "cache_row_controller_unit:inst|lpm_compare7:inst5|lpm_compare:lpm_compare_component|cmpr_ojg:auto_generated|data_wire[6]" into an OR gate
    Warning: Converted the fan-out from the tri-state buffer "cache_row_memory_unit:inst1|lpm_bustri1:inst25|lpm_bustri:lpm_bustri_component|dout[9]" to the node "cache_row_controller_unit:inst|lpm_compare7:inst5|lpm_compare:lpm_compare_component|cmpr_ojg:auto_generated|data_wire[6]" into an OR gate
    Warning: Converted the fan-out from the tri-state buffer "cache_row_memory_unit:inst1|lpm_bustri1:inst25|lpm_bustri:lpm_bustri_component|dout[6]" to the node "cache_row_controller_unit:inst|lpm_compare7:inst5|lpm_compare:lpm_compare_component|cmpr_ojg:auto_generated|data_wire[5]" into an OR gate
    Warning: Converted the fan-out from the tri-state buffer "cache_row_memory_unit:inst1|lpm_bustri1:inst25|lpm_bustri:lpm_bustri_component|dout[7]" to the node "cache_row_controller_unit:inst|lpm_compare7:inst5|lpm_compare:lpm_compare_component|cmpr_ojg:auto_generated|data_wire[5]" into an OR gate
    Warning: Converted the fan-out from the tri-state buffer "cache_row_memory_unit:inst1|lpm_bustri1:inst25|lpm_bustri:lpm_bustri_component|dout[4]" to the node "cache_row_controller_unit:inst|lpm_compare7:inst5|lpm_compare:lpm_compare_component|cmpr_ojg:auto_generated|data_wire[4]" into an OR gate
    Warning: Converted the fan-out from the tri-state buffer "cache_row_memory_unit:inst1|lpm_bustri1:inst25|lpm_bustri:lpm_bustri_component|dout[5]" to the node "cache_row_controller_unit:inst|lpm_compare7:inst5|lpm_compare:lpm_compare_component|cmpr_ojg:auto_generated|data_wire[4]" into an OR gate
    Warning: Converted the fan-out from the tri-state buffer "cache_row_memory_unit:inst1|lpm_bustri1:inst25|lpm_bustri:lpm_bustri_component|dout[2]" to the node "cache_row_controller_unit:inst|lpm_compare7:inst5|lpm_compare:lpm_compare_component|cmpr_ojg:auto_generated|data_wire[3]" into an OR gate
    Warning: Converted the fan-out from the tri-state buffer "cache_row_memory_unit:inst1|lpm_bustri1:inst25|lpm_bustri:lpm_bustri_component|dout[3]" to the node "cache_row_controller_unit:inst|lpm_compare7:inst5|lpm_compare:lpm_compare_component|cmpr_ojg:auto_generated|data_wire[3]" into an OR gate
    Warning: Converted the fan-out from the tri-state buffer "cache_row_memory_unit:inst1|lpm_bustri1:inst25|lpm_bustri:lpm_bustri_component|dout[0]" to the node "cache_row_controller_unit:inst|lpm_compare7:inst5|lpm_compare:lpm_compare_component|cmpr_ojg:auto_generated|data_wire[2]" into an OR gate
    Warning: Converted the fan-out from the tri-state buffer "cache_row_memory_unit:inst1|lpm_bustri1:inst25|lpm_bustri:lpm_bustri_component|dout[1]" to the node "cache_row_controller_unit:inst|lpm_compare7:inst5|lpm_compare:lpm_compare_component|cmpr_ojg:auto_generated|data_wire[2]" into an OR gate
Info: Implemented 214 device resources after synthesis - the final resource count might be different
    Info: Implemented 40 input pins
    Info: Implemented 45 output pins
    Info: Implemented 129 logic cells
Info: Quartus II Analysis & Synthesis was successful. 0 errors, 14 warnings
    Info: Peak virtual memory: 259 megabytes
    Info: Processing ended: Sat May 30 00:35:10 2026
    Info: Elapsed time: 00:00:04
    Info: Total CPU time (on all processors): 00:00:06


